
==========================================================================
floorplan final report_tns
--------------------------------------------------------------------------
tns max 0.00

==========================================================================
floorplan final report_wns
--------------------------------------------------------------------------
wns max 0.00

==========================================================================
floorplan final report_worst_slack
--------------------------------------------------------------------------
worst slack max 39.15

==========================================================================
floorplan final report_clock_min_period
--------------------------------------------------------------------------
osc period_min = 60.85 fmax = 16.43

==========================================================================
floorplan final report_checks -path_delay min
--------------------------------------------------------------------------
Startpoint: ext_trim[25] (input port clocked by osc)
Endpoint: clockp[0] (output port clocked by osc)
Path Group: osc
Path Type: min

Fanout     Cap    Slew   Delay    Time   Description
-----------------------------------------------------------------------------
                  0.00    0.00    0.00   clock osc (rise edge)
                          0.00    0.00   clock network delay (ideal)
                         20.00   20.00 ^ input external delay
     1    0.01    0.00    0.00   20.00 ^ ext_trim[25] (in)
                                         ext_trim[25] (net)
                  0.00    0.00   20.00 ^ ringosc/ext_trim[25] (ring_osc2x13)
     2    0.02    0.21    5.76   25.76 ^ ringosc/clockp[0] (ring_osc2x13)
                                         clockp[0] (net)
                  0.42    0.00   25.76 ^ clockp[0] (out)
                                 25.76   data arrival time

                  0.00    0.00    0.00   clock osc (rise edge)
                          0.00    0.00   clock network delay (ideal)
                          0.00    0.00   clock reconvergence pessimism
                        -20.00  -20.00   output external delay
                                -20.00   data required time
-----------------------------------------------------------------------------
                                -20.00   data required time
                                -25.76   data arrival time
-----------------------------------------------------------------------------
                                 45.76   slack (MET)



==========================================================================
floorplan final report_checks -path_delay max
--------------------------------------------------------------------------
Startpoint: dco (input port clocked by osc)
Endpoint: clockp[1] (output port clocked by osc)
Path Group: osc
Path Type: max

Fanout     Cap    Slew   Delay    Time   Description
-----------------------------------------------------------------------------
                  0.00    0.00    0.00   clock osc (rise edge)
                          0.00    0.00   clock network delay (ideal)
                         20.00   20.00 ^ input external delay
     2    0.01    0.00    0.00   20.00 ^ dco (in)
                                         dco (net)
                  0.00    0.00   20.00 ^ ringosc/dco (ring_osc2x13)
     1    0.01    0.21   20.85   40.85 v ringosc/clockp[1] (ring_osc2x13)
                                         clockp[1] (net)
                  0.41    0.00   40.85 v clockp[1] (out)
                                 40.85   data arrival time

                  0.00  100.00  100.00   clock osc (rise edge)
                          0.00  100.00   clock network delay (ideal)
                          0.00  100.00   clock reconvergence pessimism
                        -20.00   80.00   output external delay
                                 80.00   data required time
-----------------------------------------------------------------------------
                                 80.00   data required time
                                -40.85   data arrival time
-----------------------------------------------------------------------------
                                 39.15   slack (MET)



==========================================================================
floorplan final report_checks -unconstrained
--------------------------------------------------------------------------
Startpoint: dco (input port clocked by osc)
Endpoint: clockp[1] (output port clocked by osc)
Path Group: osc
Path Type: max

Fanout     Cap    Slew   Delay    Time   Description
-----------------------------------------------------------------------------
                  0.00    0.00    0.00   clock osc (rise edge)
                          0.00    0.00   clock network delay (ideal)
                         20.00   20.00 ^ input external delay
     2    0.01    0.00    0.00   20.00 ^ dco (in)
                                         dco (net)
                  0.00    0.00   20.00 ^ ringosc/dco (ring_osc2x13)
     1    0.01    0.21   20.85   40.85 v ringosc/clockp[1] (ring_osc2x13)
                                         clockp[1] (net)
                  0.41    0.00   40.85 v clockp[1] (out)
                                 40.85   data arrival time

                  0.00  100.00  100.00   clock osc (rise edge)
                          0.00  100.00   clock network delay (ideal)
                          0.00  100.00   clock reconvergence pessimism
                        -20.00   80.00   output external delay
                                 80.00   data required time
-----------------------------------------------------------------------------
                                 80.00   data required time
                                -40.85   data arrival time
-----------------------------------------------------------------------------
                                 39.15   slack (MET)



==========================================================================
floorplan final report_power
--------------------------------------------------------------------------
Group                  Internal  Switching    Leakage      Total
                          Power      Power      Power      Power (Watts)
----------------------------------------------------------------
Sequential             0.00e+00   0.00e+00   0.00e+00   0.00e+00   0.0%
Combinational          0.00e+00   0.00e+00   0.00e+00   0.00e+00   0.0%
Clock                  0.00e+00   0.00e+00   0.00e+00   0.00e+00   0.0%
Macro                  0.00e+00   0.00e+00   0.00e+00   0.00e+00   0.0%
Pad                    0.00e+00   0.00e+00   0.00e+00   0.00e+00   0.0%
----------------------------------------------------------------
Total                  0.00e+00   0.00e+00   0.00e+00   0.00e+00   0.0%
                           0.0%       0.0%       0.0%
