
==========================================================================
resizer report_tns
--------------------------------------------------------------------------
tns max 0.00

==========================================================================
resizer report_wns
--------------------------------------------------------------------------
wns max 0.00

==========================================================================
resizer report_worst_slack
--------------------------------------------------------------------------
worst slack max 45.11

==========================================================================
resizer report_clock_min_period
--------------------------------------------------------------------------
osc period_min = 54.89 fmax = 18.22

==========================================================================
resizer report_checks -path_delay min
--------------------------------------------------------------------------
Startpoint: enable (input port clocked by osc)
Endpoint: clockp[1] (output port clocked by osc)
Path Group: osc
Path Type: min

Fanout     Cap    Slew   Delay    Time   Description
-----------------------------------------------------------------------------
                  0.00    0.00    0.00   clock osc (rise edge)
                          0.00    0.00   clock network delay (ideal)
                         20.00   20.00 ^ input external delay
     1    0.01    0.00    0.00   20.00 ^ enable (in)
                                         enable (net)
                  0.00    0.00   20.00 ^ input7/I (gf180mcu_fd_sc_mcu7t5v0__dlyd_2)
     2    0.08    0.63    2.22   22.22 ^ input7/Z (gf180mcu_fd_sc_mcu7t5v0__dlyd_2)
                                         net7 (net)
                  0.32    0.00   22.22 ^ ringosc/enable (ring_osc2x13)
     1    0.00    0.11    7.16   29.38 ^ ringosc/clockp[1] (ring_osc2x13)
                                         net36 (net)
                  0.22    0.00   29.38 ^ output36/I (gf180mcu_fd_sc_mcu7t5v0__dlyd_2)
     1    0.01    0.11    1.91   31.29 ^ output36/Z (gf180mcu_fd_sc_mcu7t5v0__dlyd_2)
                                         clockp[1] (net)
                  0.11    0.00   31.29 ^ clockp[1] (out)
                                 31.29   data arrival time

                  0.00    0.00    0.00   clock osc (rise edge)
                          0.00    0.00   clock network delay (ideal)
                          0.00    0.00   clock reconvergence pessimism
                        -20.00  -20.00   output external delay
                                -20.00   data required time
-----------------------------------------------------------------------------
                                -20.00   data required time
                                -31.29   data arrival time
-----------------------------------------------------------------------------
                                 51.29   slack (MET)



==========================================================================
resizer report_checks -path_delay max
--------------------------------------------------------------------------
Startpoint: resetb (input port clocked by osc)
Endpoint: clockp[0] (output port clocked by osc)
Path Group: osc
Path Type: max

Fanout     Cap    Slew   Delay    Time   Description
-----------------------------------------------------------------------------
                  0.00    0.00    0.00   clock osc (rise edge)
                          0.00    0.00   clock network delay (ideal)
                         20.00   20.00 v input external delay
     1    0.01    0.00    0.00   20.00 v resetb (in)
                                         resetb (net)
                  0.00    0.00   20.00 v input34/I (gf180mcu_fd_sc_mcu7t5v0__dlyd_2)
     2    0.08    0.49    2.35   22.35 v input34/Z (gf180mcu_fd_sc_mcu7t5v0__dlyd_2)
                                         net34 (net)
                  0.25    0.00   22.35 v ringosc/reset (ring_osc2x13)
     2    0.08    0.48   10.21   32.56 v ringosc/clockp[0] (ring_osc2x13)
                                         net35 (net)
                  0.97    0.00   32.56 v output35/I (gf180mcu_fd_sc_mcu7t5v0__dlyd_2)
     1    0.00    0.17    2.33   34.89 v output35/Z (gf180mcu_fd_sc_mcu7t5v0__dlyd_2)
                                         clockp[0] (net)
                  0.17    0.00   34.89 v clockp[0] (out)
                                 34.89   data arrival time

                  0.00  100.00  100.00   clock osc (rise edge)
                          0.00  100.00   clock network delay (ideal)
                          0.00  100.00   clock reconvergence pessimism
                        -20.00   80.00   output external delay
                                 80.00   data required time
-----------------------------------------------------------------------------
                                 80.00   data required time
                                -34.89   data arrival time
-----------------------------------------------------------------------------
                                 45.11   slack (MET)



==========================================================================
resizer report_checks -unconstrained
--------------------------------------------------------------------------
Startpoint: resetb (input port clocked by osc)
Endpoint: clockp[0] (output port clocked by osc)
Path Group: osc
Path Type: max

Fanout     Cap    Slew   Delay    Time   Description
-----------------------------------------------------------------------------
                  0.00    0.00    0.00   clock osc (rise edge)
                          0.00    0.00   clock network delay (ideal)
                         20.00   20.00 v input external delay
     1    0.01    0.00    0.00   20.00 v resetb (in)
                                         resetb (net)
                  0.00    0.00   20.00 v input34/I (gf180mcu_fd_sc_mcu7t5v0__dlyd_2)
     2    0.08    0.49    2.35   22.35 v input34/Z (gf180mcu_fd_sc_mcu7t5v0__dlyd_2)
                                         net34 (net)
                  0.25    0.00   22.35 v ringosc/reset (ring_osc2x13)
     2    0.08    0.48   10.21   32.56 v ringosc/clockp[0] (ring_osc2x13)
                                         net35 (net)
                  0.97    0.00   32.56 v output35/I (gf180mcu_fd_sc_mcu7t5v0__dlyd_2)
     1    0.00    0.17    2.33   34.89 v output35/Z (gf180mcu_fd_sc_mcu7t5v0__dlyd_2)
                                         clockp[0] (net)
                  0.17    0.00   34.89 v clockp[0] (out)
                                 34.89   data arrival time

                  0.00  100.00  100.00   clock osc (rise edge)
                          0.00  100.00   clock network delay (ideal)
                          0.00  100.00   clock reconvergence pessimism
                        -20.00   80.00   output external delay
                                 80.00   data required time
-----------------------------------------------------------------------------
                                 80.00   data required time
                                -34.89   data arrival time
-----------------------------------------------------------------------------
                                 45.11   slack (MET)



==========================================================================
resizer report_check_types -max_slew -max_cap -max_fanout -violators
--------------------------------------------------------------------------

==========================================================================
resizer max_slew_check_slack
--------------------------------------------------------------------------
4.00543737411499

==========================================================================
resizer max_slew_check_limit
--------------------------------------------------------------------------
5.199999809265137

==========================================================================
resizer max_slew_check_slack_limit
--------------------------------------------------------------------------
0.7703

==========================================================================
resizer max_fanout_check_slack
--------------------------------------------------------------------------
1.0000000150474662e+30

==========================================================================
resizer max_fanout_check_limit
--------------------------------------------------------------------------
1.0000000150474662e+30

==========================================================================
resizer max_capacitance_check_slack
--------------------------------------------------------------------------
0.626208484172821

==========================================================================
resizer max_capacitance_check_limit
--------------------------------------------------------------------------
0.7106999754905701

==========================================================================
resizer max_capacitance_check_slack_limit
--------------------------------------------------------------------------
0.8811

==========================================================================
resizer max_slew_violation_count
--------------------------------------------------------------------------
max slew violation count 0

==========================================================================
resizer max_fanout_violation_count
--------------------------------------------------------------------------
max fanout violation count 0

==========================================================================
resizer max_cap_violation_count
--------------------------------------------------------------------------
max cap violation count 0

==========================================================================
resizer setup_violation_count
--------------------------------------------------------------------------
setup violation count 0

==========================================================================
resizer hold_violation_count
--------------------------------------------------------------------------
hold violation count 0

==========================================================================
resizer report_checks -path_delay max reg to reg
--------------------------------------------------------------------------
No paths found.

==========================================================================
resizer report_checks -path_delay min reg to reg
--------------------------------------------------------------------------
No paths found.

==========================================================================
resizer critical path target clock latency max path
--------------------------------------------------------------------------
0

==========================================================================
resizer critical path target clock latency min path
--------------------------------------------------------------------------
0

==========================================================================
resizer critical path source clock latency min path
--------------------------------------------------------------------------
0

==========================================================================
resizer critical path delay
--------------------------------------------------------------------------
34.8877

==========================================================================
resizer critical path slack
--------------------------------------------------------------------------
45.1123

==========================================================================
resizer slack div critical path delay
--------------------------------------------------------------------------
129.307177

==========================================================================
resizer report_power
--------------------------------------------------------------------------
Group                  Internal  Switching    Leakage      Total
                          Power      Power      Power      Power (Watts)
----------------------------------------------------------------
Sequential             0.00e+00   0.00e+00   0.00e+00   0.00e+00   0.0%
Combinational          1.50e-05   4.30e-06   5.25e-09   1.93e-05  99.9%
Clock                  0.00e+00   0.00e+00   1.57e-08   1.57e-08   0.1%
Macro                  0.00e+00   0.00e+00   0.00e+00   0.00e+00   0.0%
Pad                    0.00e+00   0.00e+00   0.00e+00   0.00e+00   0.0%
----------------------------------------------------------------
Total                  1.50e-05   4.30e-06   2.10e-08   1.93e-05 100.0%
                          77.6%      22.3%       0.1%
