
==========================================================================
global route report_tns
--------------------------------------------------------------------------
tns max 0.00

==========================================================================
global route report_wns
--------------------------------------------------------------------------
wns max 0.00

==========================================================================
global route report_worst_slack
--------------------------------------------------------------------------
worst slack max INF

==========================================================================
global route report_clock_min_period
--------------------------------------------------------------------------
osc period_min = 0.00 fmax = inf

==========================================================================
global route report_clock_skew
--------------------------------------------------------------------------
Clock osc
No launch/capture paths found.


==========================================================================
global route report_checks -path_delay min
--------------------------------------------------------------------------
No paths found.

==========================================================================
global route report_checks -path_delay max
--------------------------------------------------------------------------
No paths found.

==========================================================================
global route report_checks -unconstrained
--------------------------------------------------------------------------
Startpoint: pll_control (rising edge-triggered flip-flop)
Endpoint: clockp[1] (output port)
Path Group: unconstrained
Path Type: max

Fanout     Cap    Slew   Delay    Time   Description
-----------------------------------------------------------------------------
                  0.00    0.00    0.00 ^ pll_control/clock (digital_pll_controller)
     1    0.12    0.93    4.74    4.74 ^ pll_control/trim[13] (digital_pll_controller)
                                         otrim[13] (net)
                  0.93    0.00    4.74 ^ ringosc/trim[13] (ring_osc2x13)
     1    0.02    0.25   17.64   22.38 v ringosc/clockp[1] (ring_osc2x13)
                                         net36 (net)
                  0.50    0.00   22.38 v output36/I (gf180mcu_fd_sc_mcu7t5v0__dlyd_2)
     1    0.01    0.20    2.21   24.59 v output36/Z (gf180mcu_fd_sc_mcu7t5v0__dlyd_2)
                                         clockp[1] (net)
                  0.20    0.00   24.59 v clockp[1] (out)
                                 24.59   data arrival time
-----------------------------------------------------------------------------
(Path is unconstrained)



==========================================================================
global route report_check_types -max_slew -max_cap -max_fanout -violators
--------------------------------------------------------------------------

==========================================================================
global route max_slew_check_slack
--------------------------------------------------------------------------
4.1685285568237305

==========================================================================
global route max_slew_check_limit
--------------------------------------------------------------------------
5.199999809265137

==========================================================================
global route max_slew_check_slack_limit
--------------------------------------------------------------------------
0.8016

==========================================================================
global route max_fanout_check_slack
--------------------------------------------------------------------------
1.0000000150474662e+30

==========================================================================
global route max_fanout_check_limit
--------------------------------------------------------------------------
1.0000000150474662e+30

==========================================================================
global route max_capacitance_check_slack
--------------------------------------------------------------------------
0.568770706653595

==========================================================================
global route max_capacitance_check_limit
--------------------------------------------------------------------------
0.7106999754905701

==========================================================================
global route max_capacitance_check_slack_limit
--------------------------------------------------------------------------
0.8003

==========================================================================
global route max_slew_violation_count
--------------------------------------------------------------------------
max slew violation count 0

==========================================================================
global route max_fanout_violation_count
--------------------------------------------------------------------------
max fanout violation count 0

==========================================================================
global route max_cap_violation_count
--------------------------------------------------------------------------
max cap violation count 0

==========================================================================
global route setup_violation_count
--------------------------------------------------------------------------
setup violation count 0

==========================================================================
global route hold_violation_count
--------------------------------------------------------------------------
hold violation count 0

==========================================================================
global route report_checks -path_delay max reg to reg
--------------------------------------------------------------------------
No paths found.

==========================================================================
global route report_checks -path_delay min reg to reg
--------------------------------------------------------------------------
No paths found.

==========================================================================
global route critical path target clock latency max path
--------------------------------------------------------------------------
0

==========================================================================
global route critical path target clock latency min path
--------------------------------------------------------------------------
0

==========================================================================
global route critical path source clock latency min path
--------------------------------------------------------------------------
0

==========================================================================
global route critical path delay
--------------------------------------------------------------------------
-1

==========================================================================
global route critical path slack
--------------------------------------------------------------------------
0

==========================================================================
global route slack div critical path delay
--------------------------------------------------------------------------
0.000000

==========================================================================
global route report_power
--------------------------------------------------------------------------
Group                  Internal  Switching    Leakage      Total
                          Power      Power      Power      Power (Watts)
----------------------------------------------------------------
Sequential             0.00e+00   0.00e+00   0.00e+00   0.00e+00   0.0%
Combinational          7.39e-05   2.83e-05   5.25e-09   1.02e-04 100.0%
Clock                  6.92e-11   0.00e+00   1.60e-08   1.60e-08   0.0%
Macro                  0.00e+00   0.00e+00   0.00e+00   0.00e+00   0.0%
Pad                    0.00e+00   0.00e+00   0.00e+00   0.00e+00   0.0%
----------------------------------------------------------------
Total                  7.39e-05   2.83e-05   2.12e-08   1.02e-04 100.0%
                          72.3%      27.7%       0.0%
