
==========================================================================
finish report_tns
--------------------------------------------------------------------------
tns max 0.00

==========================================================================
finish report_wns
--------------------------------------------------------------------------
wns max 0.00

==========================================================================
finish report_worst_slack
--------------------------------------------------------------------------
worst slack max 45.04

==========================================================================
finish report_clock_min_period
--------------------------------------------------------------------------
osc period_min = 54.96 fmax = 18.20

==========================================================================
finish report_clock_skew
--------------------------------------------------------------------------
Clock osc
No launch/capture paths found.


==========================================================================
finish report_checks -path_delay min
--------------------------------------------------------------------------
Startpoint: enable (input port clocked by osc)
Endpoint: clockp[1] (output port clocked by osc)
Path Group: osc
Path Type: min

Fanout     Cap    Slew   Delay    Time   Description
-----------------------------------------------------------------------------
                          0.00    0.00   clock osc (rise edge)
                          0.00    0.00   clock network delay (propagated)
                         20.00   20.00 ^ input external delay
     1    0.00    0.00    0.00   20.00 ^ enable (in)
                                         enable (net)
                  0.00    0.00   20.00 ^ input7/I (gf180mcu_fd_sc_mcu7t5v0__dlyd_2)
     2    0.11    0.79    2.31   22.31 ^ input7/Z (gf180mcu_fd_sc_mcu7t5v0__dlyd_2)
                                         net7 (net)
                  0.40    0.01   22.32 ^ ringosc/enable (ring_osc2x13)
     1    0.01    0.13    7.18   29.50 ^ ringosc/clockp[1] (ring_osc2x13)
                                         net36 (net)
                  0.27    0.00   29.50 ^ output36/I (gf180mcu_fd_sc_mcu7t5v0__dlyd_2)
     1    0.00    0.09    1.89   31.39 ^ output36/Z (gf180mcu_fd_sc_mcu7t5v0__dlyd_2)
                                         clockp[1] (net)
                  0.09    0.00   31.39 ^ clockp[1] (out)
                                 31.39   data arrival time

                          0.00    0.00   clock osc (rise edge)
                          0.00    0.00   clock network delay (propagated)
                          0.00    0.00   clock reconvergence pessimism
                        -20.00  -20.00   output external delay
                                -20.00   data required time
-----------------------------------------------------------------------------
                                -20.00   data required time
                                -31.39   data arrival time
-----------------------------------------------------------------------------
                                 51.39   slack (MET)



==========================================================================
finish report_checks -path_delay max
--------------------------------------------------------------------------
Startpoint: resetb (input port clocked by osc)
Endpoint: clockp[0] (output port clocked by osc)
Path Group: osc
Path Type: max

Fanout     Cap    Slew   Delay    Time   Description
-----------------------------------------------------------------------------
                          0.00    0.00   clock osc (rise edge)
                          0.00    0.00   clock network delay (propagated)
                         20.00   20.00 v input external delay
     1    0.01    0.00    0.00   20.00 v resetb (in)
                                         resetb (net)
                  0.00    0.00   20.00 v input34/I (gf180mcu_fd_sc_mcu7t5v0__dlyd_2)
     2    0.11    0.58    2.43   22.43 v input34/Z (gf180mcu_fd_sc_mcu7t5v0__dlyd_2)
                                         net34 (net)
                  0.29    0.00   22.43 v ringosc/reset (ring_osc2x13)
     3    0.08    0.48   10.21   32.64 v ringosc/clockp[0] (ring_osc2x13)
                                         net35 (net)
                  0.96    0.00   32.64 v output35/I (gf180mcu_fd_sc_mcu7t5v0__dlyd_2)
     1    0.00    0.16    2.32   34.96 v output35/Z (gf180mcu_fd_sc_mcu7t5v0__dlyd_2)
                                         clockp[0] (net)
                  0.16    0.00   34.96 v clockp[0] (out)
                                 34.96   data arrival time

                        100.00  100.00   clock osc (rise edge)
                          0.00  100.00   clock network delay (propagated)
                          0.00  100.00   clock reconvergence pessimism
                        -20.00   80.00   output external delay
                                 80.00   data required time
-----------------------------------------------------------------------------
                                 80.00   data required time
                                -34.96   data arrival time
-----------------------------------------------------------------------------
                                 45.04   slack (MET)



==========================================================================
finish report_checks -unconstrained
--------------------------------------------------------------------------
Startpoint: resetb (input port clocked by osc)
Endpoint: clockp[0] (output port clocked by osc)
Path Group: osc
Path Type: max

Fanout     Cap    Slew   Delay    Time   Description
-----------------------------------------------------------------------------
                          0.00    0.00   clock osc (rise edge)
                          0.00    0.00   clock network delay (propagated)
                         20.00   20.00 v input external delay
     1    0.01    0.00    0.00   20.00 v resetb (in)
                                         resetb (net)
                  0.00    0.00   20.00 v input34/I (gf180mcu_fd_sc_mcu7t5v0__dlyd_2)
     2    0.11    0.58    2.43   22.43 v input34/Z (gf180mcu_fd_sc_mcu7t5v0__dlyd_2)
                                         net34 (net)
                  0.29    0.00   22.43 v ringosc/reset (ring_osc2x13)
     3    0.08    0.48   10.21   32.64 v ringosc/clockp[0] (ring_osc2x13)
                                         net35 (net)
                  0.96    0.00   32.64 v output35/I (gf180mcu_fd_sc_mcu7t5v0__dlyd_2)
     1    0.00    0.16    2.32   34.96 v output35/Z (gf180mcu_fd_sc_mcu7t5v0__dlyd_2)
                                         clockp[0] (net)
                  0.16    0.00   34.96 v clockp[0] (out)
                                 34.96   data arrival time

                        100.00  100.00   clock osc (rise edge)
                          0.00  100.00   clock network delay (propagated)
                          0.00  100.00   clock reconvergence pessimism
                        -20.00   80.00   output external delay
                                 80.00   data required time
-----------------------------------------------------------------------------
                                 80.00   data required time
                                -34.96   data arrival time
-----------------------------------------------------------------------------
                                 45.04   slack (MET)



==========================================================================
finish report_check_types -max_slew -max_cap -max_fanout -violators
--------------------------------------------------------------------------

==========================================================================
finish max_slew_check_slack
--------------------------------------------------------------------------
4.0131754875183105

==========================================================================
finish max_slew_check_limit
--------------------------------------------------------------------------
5.199999809265137

==========================================================================
finish max_slew_check_slack_limit
--------------------------------------------------------------------------
0.7718

==========================================================================
finish max_fanout_check_slack
--------------------------------------------------------------------------
1.0000000150474662e+30

==========================================================================
finish max_fanout_check_limit
--------------------------------------------------------------------------
1.0000000150474662e+30

==========================================================================
finish max_capacitance_check_slack
--------------------------------------------------------------------------
0.6015162467956543

==========================================================================
finish max_capacitance_check_limit
--------------------------------------------------------------------------
0.7106999754905701

==========================================================================
finish max_capacitance_check_slack_limit
--------------------------------------------------------------------------
0.8464

==========================================================================
finish max_slew_violation_count
--------------------------------------------------------------------------
max slew violation count 0

==========================================================================
finish max_fanout_violation_count
--------------------------------------------------------------------------
max fanout violation count 0

==========================================================================
finish max_cap_violation_count
--------------------------------------------------------------------------
max cap violation count 0

==========================================================================
finish setup_violation_count
--------------------------------------------------------------------------
setup violation count 0

==========================================================================
finish hold_violation_count
--------------------------------------------------------------------------
hold violation count 0

==========================================================================
finish report_checks -path_delay max reg to reg
--------------------------------------------------------------------------
No paths found.

==========================================================================
finish report_checks -path_delay min reg to reg
--------------------------------------------------------------------------
No paths found.

==========================================================================
finish critical path target clock latency max path
--------------------------------------------------------------------------
0

==========================================================================
finish critical path target clock latency min path
--------------------------------------------------------------------------
0

==========================================================================
finish critical path source clock latency min path
--------------------------------------------------------------------------
0

==========================================================================
finish critical path delay
--------------------------------------------------------------------------
34.9597

==========================================================================
finish critical path slack
--------------------------------------------------------------------------
45.0403

==========================================================================
finish slack div critical path delay
--------------------------------------------------------------------------
128.834916

==========================================================================
finish report_power
--------------------------------------------------------------------------
Group                  Internal  Switching    Leakage      Total
                          Power      Power      Power      Power (Watts)
----------------------------------------------------------------
Sequential             0.00e+00   0.00e+00   0.00e+00   0.00e+00   0.0%
Combinational          1.48e-05   5.44e-06   5.25e-09   2.03e-05  99.7%
Clock                  1.27e-11   0.00e+00   6.60e-08   6.61e-08   0.3%
Macro                  0.00e+00   0.00e+00   0.00e+00   0.00e+00   0.0%
Pad                    0.00e+00   0.00e+00   0.00e+00   0.00e+00   0.0%
----------------------------------------------------------------
Total                  1.48e-05   5.44e-06   7.13e-08   2.03e-05 100.0%
                          72.9%      26.8%       0.4%
