violation type: Horizontal congestion
	srcs: net:otrim\[4\]
	comment: capacity:0 usage:1 overflow:1
	bbox = (25.2000, 453.6000) - (33.6000, 462.0000) on Layer -
violation type: Horizontal congestion
	srcs: net:ext_trim[0]
	comment: capacity:0 usage:1 overflow:1
	bbox = (159.6000, 453.6000) - (168.0000, 462.0000) on Layer -
violation type: Horizontal congestion
	srcs: net:ext_trim[0]
	comment: capacity:0 usage:1 overflow:1
	bbox = (151.2000, 453.6000) - (159.6000, 462.0000) on Layer -
violation type: Horizontal congestion
	srcs: net:net36 net:ext_trim[7] net:otrim\[13\] net:otrim\[19\] net:otrim\[20\] net:otrim\[21\] net:otrim\[24\] net:otrim\[5\] net:otrim\[6\] net:otrim\[8\] net:net18 net:net21 net:net28 net:net30 net:net31
	comment: capacity:14 usage:15 overflow:1
	bbox = (25.2000, 470.4000) - (33.6000, 478.8000) on Layer -
violation type: Vertical congestion
	srcs: net:ext_trim[0]
	comment: capacity:0 usage:1 overflow:1
	bbox = (151.2000, 453.6000) - (159.6000, 462.0000) on Layer -
violation type: Vertical congestion
	srcs: net:otrim\[4\]
	comment: capacity:0 usage:1 overflow:1
	bbox = (33.6000, 453.6000) - (42.0000, 462.0000) on Layer -
