violation type: Metal Spacing
	srcs: net:_047_ net:VSS
	bbox = (24.7400, 89.5000) - (25.3900, 89.7100) on Layer Metal1
violation type: Metal Spacing
	srcs: net:_047_ net:VSS
	bbox = (19.7900, 65.9800) - (19.8450, 66.1900) on Layer Metal1
violation type: Metal Spacing
	srcs: net:_047_ net:VSS
	bbox = (19.1400, 65.9800) - (19.7900, 66.1900) on Layer Metal1
violation type: Metal Spacing
	srcs: net:_047_ net:VSS
	bbox = (37.0600, 51.4100) - (37.7100, 51.6200) on Layer Metal1
violation type: Metal Spacing
	srcs: net:_130_ net:VSS
	bbox = (77.1300, 97.3900) - (77.2450, 97.5500) on Layer Metal1
violation type: Metal Spacing
	srcs: net:_130_ net:VSS
	bbox = (76.5300, 97.3900) - (77.1300, 97.5500) on Layer Metal1
violation type: Metal Spacing
	srcs: net:_047_ net:VSS
	bbox = (74.7350, 50.3000) - (75.0750, 50.5100) on Layer Metal1
violation type: Metal Spacing
	srcs: net:_047_ net:VSS
	bbox = (74.5800, 50.3000) - (75.2300, 50.5100) on Layer Metal1
violation type: Metal Spacing
	srcs: net:_047_ net:VSS
	bbox = (18.0200, 129.8100) - (18.6700, 130.0200) on Layer Metal1
violation type: Metal Spacing
	srcs: net:_047_ net:VSS
	bbox = (37.6200, 136.5400) - (38.2700, 136.7500) on Layer Metal1
violation type: Metal Spacing
	srcs: net:_047_ net:VSS
	bbox = (31.4600, 145.4900) - (32.1100, 145.7000) on Layer Metal1
violation type: Metal Spacing
	srcs: net:_047_ net:VSS
	bbox = (121.0600, 50.3000) - (121.7100, 50.5100) on Layer Metal1
violation type: Metal Spacing
	srcs: net:_047_ net:VSS
	bbox = (123.8600, 73.8200) - (124.5100, 74.0300) on Layer Metal1
violation type: Metal Spacing
	srcs: net:_047_ net:VSS
	bbox = (118.8200, 81.6600) - (119.4700, 81.8700) on Layer Metal1
