
==========================================================================
global place report_tns
--------------------------------------------------------------------------
tns max 0.00

==========================================================================
global place report_wns
--------------------------------------------------------------------------
wns max 0.00

==========================================================================
global place report_worst_slack
--------------------------------------------------------------------------
worst slack max INF

==========================================================================
global place report_clock_min_period
--------------------------------------------------------------------------

==========================================================================
global place report_checks -path_delay min
--------------------------------------------------------------------------
No paths found.

==========================================================================
global place report_checks -path_delay max
--------------------------------------------------------------------------
No paths found.

==========================================================================
global place report_checks -unconstrained
--------------------------------------------------------------------------
Startpoint: trim[13] (input port)
Endpoint: output30/Z (internal pin)
Path Group: unconstrained
Path Type: max

Fanout     Cap    Slew   Delay    Time   Description
-----------------------------------------------------------------------------
                          0.00    0.00 v input external delay
     1    0.01    0.00    0.00    0.00 v trim[13] (in)
                                         trim[13] (net)
                  0.00    0.00    0.00 v input8/I (gf180mcu_fd_sc_mcu7t5v0__dlyd_2)
     2    0.02    0.23    2.19    2.19 v input8/Z (gf180mcu_fd_sc_mcu7t5v0__dlyd_2)
                                         net8 (net)
                  0.23    0.00    2.19 v dstage[0].id.trim1bar/I (gf180mcu_fd_sc_mcu7t5v0__inv_1)
     1    0.01    0.19    0.19    2.38 ^ dstage[0].id.trim1bar/ZN (gf180mcu_fd_sc_mcu7t5v0__inv_1)
                                         dstage[0].id.trim1b (net)
                  0.19    0.00    2.38 ^ dstage[0].id.delayenb1/EN (gf180mcu_fd_sc_mcu7t5v0__invz_4)
     1    0.02    0.10    0.20    2.58 ^ dstage[0].id.delayenb1/ZN (gf180mcu_fd_sc_mcu7t5v0__invz_4)
                                         dstage[0].id.d1 (net)
                  0.16    0.00    2.58 ^ dstage[0].id.delayint0/I (gf180mcu_fd_sc_mcu7t5v0__clkinv_2)
     1    0.01    0.08    0.08    2.66 v dstage[0].id.delayint0/ZN (gf180mcu_fd_sc_mcu7t5v0__clkinv_2)
                                         dstage[0].id.d2 (net)
                  0.08    0.00    2.66 v dstage[0].id.delayen0/I (gf180mcu_fd_sc_mcu7t5v0__invz_2)
     3    0.04    0.30    0.49    3.15 ^ dstage[0].id.delayen0/ZN (gf180mcu_fd_sc_mcu7t5v0__invz_2)
                                         dstage[0].id.out (net)
                  0.30    0.00    3.15 ^ dstage[1].id.delayenb1/I (gf180mcu_fd_sc_mcu7t5v0__invz_4)
     1    0.02    0.09    0.35    3.50 v dstage[1].id.delayenb1/ZN (gf180mcu_fd_sc_mcu7t5v0__invz_4)
                                         dstage[1].id.d1 (net)
                  0.14    0.00    3.50 v dstage[1].id.delayint0/I (gf180mcu_fd_sc_mcu7t5v0__clkinv_2)
     1    0.01    0.08    0.08    3.59 ^ dstage[1].id.delayint0/ZN (gf180mcu_fd_sc_mcu7t5v0__clkinv_2)
                                         dstage[1].id.d2 (net)
                  0.08    0.00    3.59 ^ dstage[1].id.delayen0/I (gf180mcu_fd_sc_mcu7t5v0__invz_2)
     3    0.04    0.23    0.46    4.05 v dstage[1].id.delayen0/ZN (gf180mcu_fd_sc_mcu7t5v0__invz_2)
                                         dstage[1].id.out (net)
                  0.23    0.00    4.05 v dstage[2].id.delayenb1/I (gf180mcu_fd_sc_mcu7t5v0__invz_4)
     1    0.02    0.10    0.43    4.48 ^ dstage[2].id.delayenb1/ZN (gf180mcu_fd_sc_mcu7t5v0__invz_4)
                                         dstage[2].id.d1 (net)
                  0.16    0.00    4.48 ^ dstage[2].id.delayint0/I (gf180mcu_fd_sc_mcu7t5v0__clkinv_2)
     1    0.01    0.08    0.08    4.56 v dstage[2].id.delayint0/ZN (gf180mcu_fd_sc_mcu7t5v0__clkinv_2)
                                         dstage[2].id.d2 (net)
                  0.08    0.00    4.56 v dstage[2].id.delayen0/I (gf180mcu_fd_sc_mcu7t5v0__invz_2)
     3    0.04    0.32    0.50    5.06 ^ dstage[2].id.delayen0/ZN (gf180mcu_fd_sc_mcu7t5v0__invz_2)
                                         dstage[2].id.out (net)
                  0.32    0.00    5.06 ^ dstage[3].id.delayenb1/I (gf180mcu_fd_sc_mcu7t5v0__invz_4)
     1    0.02    0.09    0.36    5.41 v dstage[3].id.delayenb1/ZN (gf180mcu_fd_sc_mcu7t5v0__invz_4)
                                         dstage[3].id.d1 (net)
                  0.14    0.00    5.41 v dstage[3].id.delayint0/I (gf180mcu_fd_sc_mcu7t5v0__clkinv_2)
     1    0.01    0.08    0.08    5.50 ^ dstage[3].id.delayint0/ZN (gf180mcu_fd_sc_mcu7t5v0__clkinv_2)
                                         dstage[3].id.d2 (net)
                  0.08    0.00    5.50 ^ dstage[3].id.delayen0/I (gf180mcu_fd_sc_mcu7t5v0__invz_2)
     3    0.04    0.23    0.46    5.96 v dstage[3].id.delayen0/ZN (gf180mcu_fd_sc_mcu7t5v0__invz_2)
                                         dstage[3].id.out (net)
                  0.23    0.00    5.96 v dstage[4].id.delayenb1/I (gf180mcu_fd_sc_mcu7t5v0__invz_4)
     1    0.02    0.10    0.42    6.38 ^ dstage[4].id.delayenb1/ZN (gf180mcu_fd_sc_mcu7t5v0__invz_4)
                                         dstage[4].id.d1 (net)
                  0.16    0.00    6.38 ^ dstage[4].id.delayint0/I (gf180mcu_fd_sc_mcu7t5v0__clkinv_2)
     1    0.01    0.08    0.07    6.45 v dstage[4].id.delayint0/ZN (gf180mcu_fd_sc_mcu7t5v0__clkinv_2)
                                         dstage[4].id.d2 (net)
                  0.08    0.00    6.45 v dstage[4].id.delayen0/I (gf180mcu_fd_sc_mcu7t5v0__invz_2)
     3    0.04    0.32    0.50    6.96 ^ dstage[4].id.delayen0/ZN (gf180mcu_fd_sc_mcu7t5v0__invz_2)
                                         dstage[4].id.out (net)
                  0.32    0.00    6.96 ^ dstage[5].id.delayenb1/I (gf180mcu_fd_sc_mcu7t5v0__invz_4)
     1    0.02    0.09    0.36    7.31 v dstage[5].id.delayenb1/ZN (gf180mcu_fd_sc_mcu7t5v0__invz_4)
                                         dstage[5].id.d1 (net)
                  0.14    0.00    7.31 v dstage[5].id.delayint0/I (gf180mcu_fd_sc_mcu7t5v0__clkinv_2)
     1    0.01    0.08    0.08    7.40 ^ dstage[5].id.delayint0/ZN (gf180mcu_fd_sc_mcu7t5v0__clkinv_2)
                                         dstage[5].id.d2 (net)
                  0.08    0.00    7.40 ^ dstage[5].id.delayen0/I (gf180mcu_fd_sc_mcu7t5v0__invz_2)
     4    0.05    0.26    0.49    7.88 v dstage[5].id.delayen0/ZN (gf180mcu_fd_sc_mcu7t5v0__invz_2)
                                         dstage[5].id.out (net)
                  0.26    0.00    7.88 v dstage[6].id.delayenb1/I (gf180mcu_fd_sc_mcu7t5v0__invz_4)
     1    0.02    0.10    0.43    8.31 ^ dstage[6].id.delayenb1/ZN (gf180mcu_fd_sc_mcu7t5v0__invz_4)
                                         dstage[6].id.d1 (net)
                  0.16    0.00    8.31 ^ dstage[6].id.delayint0/I (gf180mcu_fd_sc_mcu7t5v0__clkinv_2)
     1    0.01    0.08    0.07    8.39 v dstage[6].id.delayint0/ZN (gf180mcu_fd_sc_mcu7t5v0__clkinv_2)
                                         dstage[6].id.d2 (net)
                  0.08    0.00    8.39 v dstage[6].id.delayen0/I (gf180mcu_fd_sc_mcu7t5v0__invz_2)
     3    0.04    0.30    0.49    8.88 ^ dstage[6].id.delayen0/ZN (gf180mcu_fd_sc_mcu7t5v0__invz_2)
                                         dstage[6].id.out (net)
                  0.30    0.00    8.88 ^ dstage[7].id.delayenb1/I (gf180mcu_fd_sc_mcu7t5v0__invz_4)
     1    0.02    0.09    0.35    9.23 v dstage[7].id.delayenb1/ZN (gf180mcu_fd_sc_mcu7t5v0__invz_4)
                                         dstage[7].id.d1 (net)
                  0.14    0.00    9.23 v dstage[7].id.delayint0/I (gf180mcu_fd_sc_mcu7t5v0__clkinv_2)
     1    0.01    0.09    0.09    9.32 ^ dstage[7].id.delayint0/ZN (gf180mcu_fd_sc_mcu7t5v0__clkinv_2)
                                         dstage[7].id.d2 (net)
                  0.09    0.00    9.32 ^ dstage[7].id.delayen0/I (gf180mcu_fd_sc_mcu7t5v0__invz_2)
     3    0.04    0.22    0.45    9.77 v dstage[7].id.delayen0/ZN (gf180mcu_fd_sc_mcu7t5v0__invz_2)
                                         dstage[7].id.out (net)
                  0.22    0.00    9.77 v dstage[8].id.delayenb1/I (gf180mcu_fd_sc_mcu7t5v0__invz_4)
     1    0.02    0.10    0.42   10.19 ^ dstage[8].id.delayenb1/ZN (gf180mcu_fd_sc_mcu7t5v0__invz_4)
                                         dstage[8].id.d1 (net)
                  0.16    0.00   10.19 ^ dstage[8].id.delayint0/I (gf180mcu_fd_sc_mcu7t5v0__clkinv_2)
     1    0.01    0.08    0.08   10.27 v dstage[8].id.delayint0/ZN (gf180mcu_fd_sc_mcu7t5v0__clkinv_2)
                                         dstage[8].id.d2 (net)
                  0.08    0.00   10.27 v dstage[8].id.delayen0/I (gf180mcu_fd_sc_mcu7t5v0__invz_2)
     3    0.04    0.30    0.49   10.76 ^ dstage[8].id.delayen0/ZN (gf180mcu_fd_sc_mcu7t5v0__invz_2)
                                         dstage[8].id.out (net)
                  0.30    0.00   10.76 ^ dstage[9].id.delayenb1/I (gf180mcu_fd_sc_mcu7t5v0__invz_4)
     1    0.02    0.09    0.35   11.11 v dstage[9].id.delayenb1/ZN (gf180mcu_fd_sc_mcu7t5v0__invz_4)
                                         dstage[9].id.d1 (net)
                  0.14    0.00   11.11 v dstage[9].id.delayint0/I (gf180mcu_fd_sc_mcu7t5v0__clkinv_2)
     1    0.01    0.08    0.08   11.20 ^ dstage[9].id.delayint0/ZN (gf180mcu_fd_sc_mcu7t5v0__clkinv_2)
                                         dstage[9].id.d2 (net)
                  0.08    0.00   11.20 ^ dstage[9].id.delayen0/I (gf180mcu_fd_sc_mcu7t5v0__invz_2)
     3    0.04    0.22    0.45   11.65 v dstage[9].id.delayen0/ZN (gf180mcu_fd_sc_mcu7t5v0__invz_2)
                                         dstage[10].id.in (net)
                  0.22    0.00   11.65 v dstage[10].id.delayenb1/I (gf180mcu_fd_sc_mcu7t5v0__invz_4)
     1    0.02    0.10    0.42   12.07 ^ dstage[10].id.delayenb1/ZN (gf180mcu_fd_sc_mcu7t5v0__invz_4)
                                         dstage[10].id.d1 (net)
                  0.16    0.00   12.07 ^ dstage[10].id.delayint0/I (gf180mcu_fd_sc_mcu7t5v0__clkinv_2)
     1    0.01    0.08    0.07   12.14 v dstage[10].id.delayint0/ZN (gf180mcu_fd_sc_mcu7t5v0__clkinv_2)
                                         dstage[10].id.d2 (net)
                  0.08    0.00   12.14 v dstage[10].id.delayen0/I (gf180mcu_fd_sc_mcu7t5v0__invz_2)
     3    0.04    0.31    0.50   12.64 ^ dstage[10].id.delayen0/ZN (gf180mcu_fd_sc_mcu7t5v0__invz_2)
                                         dstage[10].id.out (net)
                  0.31    0.00   12.64 ^ dstage[11].id.delayenb1/I (gf180mcu_fd_sc_mcu7t5v0__invz_4)
     1    0.02    0.09    0.36   12.99 v dstage[11].id.delayenb1/ZN (gf180mcu_fd_sc_mcu7t5v0__invz_4)
                                         dstage[11].id.d1 (net)
                  0.14    0.00   12.99 v dstage[11].id.delayint0/I (gf180mcu_fd_sc_mcu7t5v0__clkinv_2)
     1    0.01    0.08    0.09   13.08 ^ dstage[11].id.delayint0/ZN (gf180mcu_fd_sc_mcu7t5v0__clkinv_2)
                                         dstage[11].id.d2 (net)
                  0.08    0.00   13.08 ^ dstage[11].id.delayen0/I (gf180mcu_fd_sc_mcu7t5v0__invz_2)
     3    0.04    0.22    0.45   13.53 v dstage[11].id.delayen0/ZN (gf180mcu_fd_sc_mcu7t5v0__invz_2)
                                         dstage[11].id.out (net)
                  0.22    0.00   13.53 v iss.delayenb0/I (gf180mcu_fd_sc_mcu7t5v0__invz_8)
     4    0.06    0.15    0.47   14.00 ^ iss.delayenb0/ZN (gf180mcu_fd_sc_mcu7t5v0__invz_8)
                                         dstage[0].id.in (net)
                  0.00    0.00   14.00 ^ dstage[0].id.delayenb0/I (gf180mcu_fd_sc_mcu7t5v0__invz_8)
     3    0.04    0.11    0.31   14.32 v dstage[0].id.delayenb0/ZN (gf180mcu_fd_sc_mcu7t5v0__invz_8)
                                         dstage[0].id.out (net)
                  0.22    0.00   14.32 v dstage[1].id.delayenb0/I (gf180mcu_fd_sc_mcu7t5v0__invz_8)
     3    0.04    0.12    0.45   14.77 ^ dstage[1].id.delayenb0/ZN (gf180mcu_fd_sc_mcu7t5v0__invz_8)
                                         dstage[1].id.out (net)
                  0.32    0.00   14.77 ^ dstage[2].id.delayenb0/I (gf180mcu_fd_sc_mcu7t5v0__invz_8)
     3    0.04    0.11    0.36   15.13 v dstage[2].id.delayenb0/ZN (gf180mcu_fd_sc_mcu7t5v0__invz_8)
                                         dstage[2].id.out (net)
                  0.23    0.00   15.13 v dstage[3].id.delayenb0/I (gf180mcu_fd_sc_mcu7t5v0__invz_8)
     3    0.04    0.12    0.45   15.58 ^ dstage[3].id.delayenb0/ZN (gf180mcu_fd_sc_mcu7t5v0__invz_8)
                                         dstage[3].id.out (net)
                  0.31    0.00   15.58 ^ dstage[4].id.delayenb0/I (gf180mcu_fd_sc_mcu7t5v0__invz_8)
     3    0.04    0.11    0.36   15.95 v dstage[4].id.delayenb0/ZN (gf180mcu_fd_sc_mcu7t5v0__invz_8)
                                         dstage[4].id.out (net)
                  0.23    0.00   15.95 v dstage[5].id.delayenb0/I (gf180mcu_fd_sc_mcu7t5v0__invz_8)
     4    0.05    0.13    0.46   16.41 ^ dstage[5].id.delayenb0/ZN (gf180mcu_fd_sc_mcu7t5v0__invz_8)
                                         dstage[5].id.out (net)
                  0.37    0.00   16.41 ^ dstage[6].id.delayenb0/I (gf180mcu_fd_sc_mcu7t5v0__invz_8)
     3    0.04    0.11    0.37   16.77 v dstage[6].id.delayenb0/ZN (gf180mcu_fd_sc_mcu7t5v0__invz_8)
                                         dstage[6].id.out (net)
                  0.22    0.00   16.77 v dstage[7].id.delayenb0/I (gf180mcu_fd_sc_mcu7t5v0__invz_8)
     3    0.04    0.12    0.44   17.22 ^ dstage[7].id.delayenb0/ZN (gf180mcu_fd_sc_mcu7t5v0__invz_8)
                                         dstage[7].id.out (net)
                  0.29    0.00   17.22 ^ dstage[8].id.delayenb0/I (gf180mcu_fd_sc_mcu7t5v0__invz_8)
     3    0.04    0.11    0.36   17.58 v dstage[8].id.delayenb0/ZN (gf180mcu_fd_sc_mcu7t5v0__invz_8)
                                         dstage[8].id.out (net)
                  0.22    0.00   17.58 v dstage[9].id.delayenb0/I (gf180mcu_fd_sc_mcu7t5v0__invz_8)
     3    0.04    0.12    0.44   18.02 ^ dstage[9].id.delayenb0/ZN (gf180mcu_fd_sc_mcu7t5v0__invz_8)
                                         dstage[10].id.in (net)
                  0.29    0.00   18.02 ^ dstage[10].id.delayenb0/I (gf180mcu_fd_sc_mcu7t5v0__invz_8)
     3    0.04    0.11    0.36   18.38 v dstage[10].id.delayenb0/ZN (gf180mcu_fd_sc_mcu7t5v0__invz_8)
                                         dstage[10].id.out (net)
                  0.23    0.00   18.38 v dstage[11].id.delayenb0/I (gf180mcu_fd_sc_mcu7t5v0__invz_8)
     3    0.04    0.12    0.45   18.83 ^ dstage[11].id.delayenb0/ZN (gf180mcu_fd_sc_mcu7t5v0__invz_8)
                                         dstage[11].id.out (net)
                  0.30    0.00   18.83 ^ iss.delayen1/I (gf180mcu_fd_sc_mcu7t5v0__invz_2)
     1    0.02    0.12    0.38   19.21 v iss.delayen1/ZN (gf180mcu_fd_sc_mcu7t5v0__invz_2)
                                         iss.d1 (net)
                  0.12    0.00   19.21 v iss.delayint0/I (gf180mcu_fd_sc_mcu7t5v0__clkinv_1)
     1    0.01    0.12    0.11   19.32 ^ iss.delayint0/ZN (gf180mcu_fd_sc_mcu7t5v0__clkinv_1)
                                         iss.d2 (net)
                  0.12    0.00   19.32 ^ iss.delayen0/I (gf180mcu_fd_sc_mcu7t5v0__invz_2)
     4    0.06    0.28    0.52   19.84 v iss.delayen0/ZN (gf180mcu_fd_sc_mcu7t5v0__invz_2)
                                         dstage[0].id.in (net)
                  0.00    0.00   19.84 v ibufp00/I (gf180mcu_fd_sc_mcu7t5v0__clkinv_2)
     1    0.03    0.25    0.17   20.01 ^ ibufp00/ZN (gf180mcu_fd_sc_mcu7t5v0__clkinv_2)
                                         c[0] (net)
                  0.25    0.00   20.01 ^ ibufp01/I (gf180mcu_fd_sc_mcu7t5v0__clkinv_8)
     1    0.00    0.07    0.05   20.06 v ibufp01/ZN (gf180mcu_fd_sc_mcu7t5v0__clkinv_8)
                                         net30 (net)
                  0.07    0.00   20.06 v output30/I (gf180mcu_fd_sc_mcu7t5v0__dlyd_2)
     0    0.01    0.19    2.16   22.22 v output30/Z (gf180mcu_fd_sc_mcu7t5v0__dlyd_2)
                                         clockp[0] (net)
                                 22.22   data arrival time
-----------------------------------------------------------------------------
(Path is unconstrained)



==========================================================================
global place report_power
--------------------------------------------------------------------------
Group                  Internal  Switching    Leakage      Total
                          Power      Power      Power      Power (Watts)
----------------------------------------------------------------
Sequential             0.00e+00   0.00e+00   0.00e+00   0.00e+00   0.0%
Combinational          1.72e-03   4.52e-04   1.37e-08   2.17e-03 100.0%
Clock                  0.00e+00   0.00e+00   1.97e-09   1.97e-09   0.0%
Macro                  0.00e+00   0.00e+00   0.00e+00   0.00e+00   0.0%
Pad                    0.00e+00   0.00e+00   0.00e+00   0.00e+00   0.0%
----------------------------------------------------------------
Total                  1.72e-03   4.52e-04   1.57e-08   2.17e-03 100.0%
                          79.2%      20.8%       0.0%
