
==========================================================================
global route report_tns
--------------------------------------------------------------------------
tns max 0.00

==========================================================================
global route report_wns
--------------------------------------------------------------------------
wns max 0.00

==========================================================================
global route report_worst_slack
--------------------------------------------------------------------------
worst slack max INF

==========================================================================
global route report_clock_min_period
--------------------------------------------------------------------------

==========================================================================
global route report_clock_skew
--------------------------------------------------------------------------

==========================================================================
global route report_checks -path_delay min
--------------------------------------------------------------------------
No paths found.

==========================================================================
global route report_checks -path_delay max
--------------------------------------------------------------------------
No paths found.

==========================================================================
global route report_checks -unconstrained
--------------------------------------------------------------------------
Startpoint: reset (input port)
Endpoint: clockp[0] (output port)
Path Group: unconstrained
Path Type: max

Fanout     Cap    Slew   Delay    Time   Description
-----------------------------------------------------------------------------
                          0.00    0.00 v input external delay
     1    0.01    0.00    0.00    0.00 v reset (in)
                                         reset (net)
                  0.00    0.00    0.00 v input55/I (gf180mcu_fd_sc_mcu7t5v0__dlyd_2)
     1    0.01    0.21    2.17    2.17 v input55/Z (gf180mcu_fd_sc_mcu7t5v0__dlyd_2)
                                         net55 (net)
                  0.21    0.00    2.17 v _1_/A2 (gf180mcu_fd_sc_mcu7t5v0__nand2_2)
     2    0.02    0.21    0.20    2.37 ^ _1_/ZN (gf180mcu_fd_sc_mcu7t5v0__nand2_2)
                                         ireset (net)
                  0.21    0.00    2.37 ^ iss.reseten0/EN (gf180mcu_fd_sc_mcu7t5v0__invz_1)
     4    0.06    0.98    0.78    3.15 ^ iss.reseten0/ZN (gf180mcu_fd_sc_mcu7t5v0__invz_1)
                                         dstage[0].id.in (net)
                  0.98    0.00    3.15 ^ dstage[0].id.delayenb0/I (gf180mcu_fd_sc_mcu7t5v0__invz_8)
     3    0.05    0.12    0.32    3.47 v dstage[0].id.delayenb0/ZN (gf180mcu_fd_sc_mcu7t5v0__invz_8)
                                         dstage[0].id.out (net)
                  0.12    0.00    3.47 v dstage[1].id.delayenb0/I (gf180mcu_fd_sc_mcu7t5v0__invz_8)
     3    0.05    0.13    0.42    3.90 ^ dstage[1].id.delayenb0/ZN (gf180mcu_fd_sc_mcu7t5v0__invz_8)
                                         dstage[1].id.out (net)
                  0.13    0.00    3.90 ^ dstage[2].id.delayenb0/I (gf180mcu_fd_sc_mcu7t5v0__invz_8)
     3    0.05    0.11    0.35    4.24 v dstage[2].id.delayenb0/ZN (gf180mcu_fd_sc_mcu7t5v0__invz_8)
                                         dstage[2].id.out (net)
                  0.11    0.00    4.24 v dstage[3].id.delayenb0/I (gf180mcu_fd_sc_mcu7t5v0__invz_8)
     3    0.04    0.12    0.42    4.66 ^ dstage[3].id.delayenb0/ZN (gf180mcu_fd_sc_mcu7t5v0__invz_8)
                                         dstage[3].id.out (net)
                  0.12    0.00    4.66 ^ dstage[4].id.delayenb0/I (gf180mcu_fd_sc_mcu7t5v0__invz_8)
     3    0.04    0.11    0.34    5.00 v dstage[4].id.delayenb0/ZN (gf180mcu_fd_sc_mcu7t5v0__invz_8)
                                         dstage[4].id.out (net)
                  0.11    0.00    5.00 v dstage[5].id.delayenb0/I (gf180mcu_fd_sc_mcu7t5v0__invz_8)
     4    0.06    0.14    0.44    5.44 ^ dstage[5].id.delayenb0/ZN (gf180mcu_fd_sc_mcu7t5v0__invz_8)
                                         dstage[5].id.out (net)
                  0.14    0.00    5.44 ^ dstage[6].id.delayenb0/I (gf180mcu_fd_sc_mcu7t5v0__invz_8)
     3    0.05    0.12    0.35    5.79 v dstage[6].id.delayenb0/ZN (gf180mcu_fd_sc_mcu7t5v0__invz_8)
                                         dstage[6].id.out (net)
                  0.12    0.00    5.79 v dstage[7].id.delayenb0/I (gf180mcu_fd_sc_mcu7t5v0__invz_8)
     3    0.04    0.12    0.42    6.21 ^ dstage[7].id.delayenb0/ZN (gf180mcu_fd_sc_mcu7t5v0__invz_8)
                                         dstage[7].id.out (net)
                  0.12    0.00    6.21 ^ dstage[8].id.delayenb0/I (gf180mcu_fd_sc_mcu7t5v0__invz_8)
     3    0.04    0.11    0.34    6.55 v dstage[8].id.delayenb0/ZN (gf180mcu_fd_sc_mcu7t5v0__invz_8)
                                         dstage[8].id.out (net)
                  0.11    0.00    6.55 v dstage[9].id.delayenb0/I (gf180mcu_fd_sc_mcu7t5v0__invz_8)
     3    0.04    0.12    0.42    6.97 ^ dstage[9].id.delayenb0/ZN (gf180mcu_fd_sc_mcu7t5v0__invz_8)
                                         dstage[10].id.in (net)
                  0.12    0.00    6.97 ^ dstage[10].id.delayenb0/I (gf180mcu_fd_sc_mcu7t5v0__invz_8)
     3    0.04    0.11    0.34    7.31 v dstage[10].id.delayenb0/ZN (gf180mcu_fd_sc_mcu7t5v0__invz_8)
                                         dstage[10].id.out (net)
                  0.11    0.00    7.31 v dstage[11].id.delayenb0/I (gf180mcu_fd_sc_mcu7t5v0__invz_8)
     3    0.05    0.13    0.42    7.74 ^ dstage[11].id.delayenb0/ZN (gf180mcu_fd_sc_mcu7t5v0__invz_8)
                                         dstage[11].id.out (net)
                  0.13    0.00    7.74 ^ iss.delayenb0/I (gf180mcu_fd_sc_mcu7t5v0__invz_8)
     4    0.06    0.14    0.37    8.11 v iss.delayenb0/ZN (gf180mcu_fd_sc_mcu7t5v0__invz_8)
                                         dstage[0].id.in (net)
                  0.52    0.00    8.11 v ibufp00/I (gf180mcu_fd_sc_mcu7t5v0__clkinv_2)
     1    0.03    0.32    0.32    8.42 ^ ibufp00/ZN (gf180mcu_fd_sc_mcu7t5v0__clkinv_2)
                                         c[0] (net)
                  0.32    0.00    8.42 ^ ibufp01/I (gf180mcu_fd_sc_mcu7t5v0__clkinv_8)
     1    0.00    0.08    0.05    8.48 v ibufp01/ZN (gf180mcu_fd_sc_mcu7t5v0__clkinv_8)
                                         net56 (net)
                  0.08    0.00    8.48 v output56/I (gf180mcu_fd_sc_mcu7t5v0__dlyd_2)
     1    0.00    0.16    2.13   10.61 v output56/Z (gf180mcu_fd_sc_mcu7t5v0__dlyd_2)
                                         clockp[0] (net)
                  0.16    0.00   10.61 v clockp[0] (out)
                                 10.61   data arrival time
-----------------------------------------------------------------------------
(Path is unconstrained)



==========================================================================
global route report_check_types -max_slew -max_cap -max_fanout -violators
--------------------------------------------------------------------------

==========================================================================
global route max_slew_check_slack
--------------------------------------------------------------------------
4.220041275024414

==========================================================================
global route max_slew_check_limit
--------------------------------------------------------------------------
5.199999809265137

==========================================================================
global route max_slew_check_slack_limit
--------------------------------------------------------------------------
0.8115

==========================================================================
global route max_fanout_check_slack
--------------------------------------------------------------------------
1.0000000150474662e+30

==========================================================================
global route max_fanout_check_limit
--------------------------------------------------------------------------
1.0000000150474662e+30

==========================================================================
global route max_capacitance_check_slack
--------------------------------------------------------------------------
0.2597244679927826

==========================================================================
global route max_capacitance_check_limit
--------------------------------------------------------------------------
0.32179999351501465

==========================================================================
global route max_capacitance_check_slack_limit
--------------------------------------------------------------------------
0.8071

==========================================================================
global route max_slew_violation_count
--------------------------------------------------------------------------
max slew violation count 0

==========================================================================
global route max_fanout_violation_count
--------------------------------------------------------------------------
max fanout violation count 0

==========================================================================
global route max_cap_violation_count
--------------------------------------------------------------------------
max cap violation count 0

==========================================================================
global route setup_violation_count
--------------------------------------------------------------------------
setup violation count 0

==========================================================================
global route hold_violation_count
--------------------------------------------------------------------------
hold violation count 0

==========================================================================
global route critical path delay
--------------------------------------------------------------------------
-1

==========================================================================
global route critical path slack
--------------------------------------------------------------------------
0

==========================================================================
global route slack div critical path delay
--------------------------------------------------------------------------
0.000000

==========================================================================
global route report_power
--------------------------------------------------------------------------
Group                  Internal  Switching    Leakage      Total
                          Power      Power      Power      Power (Watts)
----------------------------------------------------------------
Sequential             0.00e+00   0.00e+00   0.00e+00   0.00e+00   0.0%
Combinational          2.60e-03   1.30e-03   9.92e-09   3.90e-03 100.0%
Clock                  0.00e+00   0.00e+00   1.97e-09   1.97e-09   0.0%
Macro                  0.00e+00   0.00e+00   0.00e+00   0.00e+00   0.0%
Pad                    0.00e+00   0.00e+00   0.00e+00   0.00e+00   0.0%
----------------------------------------------------------------
Total                  2.60e-03   1.30e-03   1.19e-08   3.90e-03 100.0%
                          66.7%      33.3%       0.0%
